starfix demo                      reconnecting: the server closed the connection
Ready 2                                  Held 1
> sf-r1 P1 Write the parser                sf-h1 P0 alice/cc-1234 42m Fix the l…
  sf-r2 P2 [overlaps sf-h1] Tidy the l…

Blocked 1
Events
  12:00:01 bob/cli claim.take sf-h1
  12:00:02 bob/cli issue.close sf-x9
j/k move  enter open  r refresh  ? help  q quit
