^[[1mstarfix demo^[[0m                                                           ^[[32mlive^[[0m
^[[1mReady 2^[[0m                               ^[[1mHeld 1^[[0m
^[[7m> ^[[0m^[[7msf-r1 P1 ^[[0m^[[7m修复解析器中的错误并补充^[[0m^[[7m…^[[0m    sf-h1 P0 alice/セッショ … ^[[2m42m^[[0m Café…
  sf-r2 P2 ^[[33m[overlaps sf-h1]^[[0m Ship th…

^[[2mj/k move  enter open  r refresh  ? help  q quit^[[0m
